=== Emotion-ID Ablation: RUN ===
Seeds: 15 | Conditions: ['A_full_emotion', 'D_no_emotion_id']

--- A: Full Emotion ---
[1/30] seed=42
  final_lg=0.668 best_lg=0.674 @step=10000 (41.0s)
[2/30] seed=0
  final_lg=0.696 best_lg=0.698 @step=40000 (40.1s)
[3/30] seed=1
  final_lg=0.300 best_lg=0.453 @step=20000 (40.5s)
[4/30] seed=7
  final_lg=0.605 best_lg=0.605 @step=50000 (40.6s)
[5/30] seed=13
  final_lg=0.367 best_lg=0.669 @step=10000 (40.3s)
[6/30] seed=21
  final_lg=0.427 best_lg=0.649 @step=30000 (40.2s)
[7/30] seed=99
  final_lg=0.387 best_lg=0.588 @step=10000 (40.4s)
[8/30] seed=100
  final_lg=0.621 best_lg=0.678 @step=20000 (40.0s)
[9/30] seed=200
  final_lg=0.261 best_lg=0.437 @step=10000 (40.3s)
[10/30] seed=314
  final_lg=0.198 best_lg=0.330 @step=40000 (40.1s)
[11/30] seed=500
  final_lg=0.625 best_lg=0.687 @step=40000 (41.1s)
[12/30] seed=777
  final_lg=0.143 best_lg=0.589 @step=10000 (42.4s)
[13/30] seed=1234
  final_lg=0.304 best_lg=0.499 @step=30000 (42.5s)
[14/30] seed=2024
  final_lg=0.340 best_lg=0.609 @step=30000 (42.2s)
[15/30] seed=5555
  final_lg=0.232 best_lg=0.538 @step=40000 (42.2s)

--- D: No Emotion ID ---
[16/30] seed=42
  final_lg=0.659 best_lg=0.659 @step=50000 (42.3s)
[17/30] seed=0
  final_lg=0.360 best_lg=0.695 @step=40000 (42.2s)
[18/30] seed=1
  final_lg=0.312 best_lg=0.594 @step=20000 (42.6s)
[19/30] seed=7
  final_lg=0.542 best_lg=0.614 @step=30000 (41.9s)
[20/30] seed=13
  final_lg=0.325 best_lg=0.680 @step=40000 (41.9s)
[21/30] seed=21
  final_lg=0.282 best_lg=0.676 @step=40000 (41.3s)
[22/30] seed=99
  final_lg=0.420 best_lg=0.437 @step=40000 (42.1s)
[23/30] seed=100
  final_lg=0.674 best_lg=0.674 @step=50000 (41.7s)
[24/30] seed=200
  final_lg=0.672 best_lg=0.674 @step=30000 (41.9s)
[25/30] seed=314
  final_lg=0.385 best_lg=0.410 @step=20000 (42.5s)
[26/30] seed=500
  final_lg=0.493 best_lg=0.682 @step=40000 (41.9s)
[27/30] seed=777
  final_lg=0.166 best_lg=0.581 @step=30000 (41.7s)
[28/30] seed=1234
  final_lg=0.491 best_lg=0.491 @step=50000 (42.5s)
[29/30] seed=2024
  final_lg=0.240 best_lg=0.636 @step=40000 (40.9s)
[30/30] seed=5555
  final_lg=0.369 best_lg=0.688 @step=20000 (40.3s)

=== ANALYZE ===
{
  "Q1_emotion_id_improves_learning_gain": false,
  "Q1_delta_lg_best_checkpoint": -0.0327,
  "Q1_p_holm": 0.38679,
  "Q2_emotion_id_improves_adaptation": false,
  "Q2_adapt_p_holm": 1.0,
  "Q3_removing_emotion_id_reduces_variance": true,
  "Q3_std_A_best": 0.1088,
  "Q3_std_D_best": 0.0939,
  "Q4_checkpoint_improves_stability": true,
  "Q4_std_reduction_A": 41.2,
  "Q4_std_reduction_D": 40.9,
  "Q5_confusion_volatility": "not significant (rho=0.900, p=0.0000)",
  "Q5_boredom_volatility": "significant negative (rho=-0.921, p=0.0000)",
  "Q5_emotion_id_switches": "not significant (rho=0.529, p=0.0428)",
  "Q5_volatility_explains_poor_seeds": true,
  "recommended_model": {
    "condition": "D_no_emotion_id",
    "condition_label": "D: No Emotion ID",
    "checkpoint_strategy": "best",
    "learning_gain_mean": 0.6128,
    "learning_gain_ci": "[0.565, 0.660]",
    "learning_gain_std": 0.0939,
    "adaptation_mean": 0.8193,
    "adaptation_ci": "[0.706, 0.933]"
  },
  "justification": "emotion_id does not significantly improve learning gain (delta=-0.0327, p_holm=0.387); no_emotion_id reduces seed variance (std 0.094 vs 0.109); checkpoint selection reduces variance vs final-50k model; Final thesis model: D: No Emotion ID with best checkpoint selection"
}
