=== Action Diversity Reward Ablation (run) ===

--- Baseline Reward (A) ---
  A_baseline seed=42: lg=0.427 succ=0.162 adapt=0.444 entropy=1.634 dom=0.31 (26s)
  A_baseline seed=7: lg=0.673 succ=0.522 adapt=0.980 entropy=0.735 dom=0.66 (26s)
  A_baseline seed=13: lg=0.545 succ=0.300 adapt=0.514 entropy=1.601 dom=0.30 (25s)
  A_baseline seed=21: lg=0.618 succ=0.418 adapt=0.718 entropy=1.328 dom=0.38 (26s)
  A_baseline seed=99: lg=0.491 succ=0.216 adapt=0.628 entropy=1.250 dom=0.34 (28s)
  A_baseline seed=314: lg=0.626 succ=0.466 adapt=0.786 entropy=1.120 dom=0.57 (25s)

--- Diversity Bonus +0.02 (B) ---
  B_diversity_bonus seed=42: lg=0.471 succ=0.188 adapt=0.626 entropy=1.315 dom=0.34 (26s)
  B_diversity_bonus seed=7: lg=0.428 succ=0.130 adapt=0.543 entropy=1.359 dom=0.42 (26s)
  B_diversity_bonus seed=13: lg=0.571 succ=0.312 adapt=0.639 entropy=1.344 dom=0.40 (26s)
  B_diversity_bonus seed=21: lg=0.534 succ=0.274 adapt=0.585 entropy=1.375 dom=0.50 (26s)
  B_diversity_bonus seed=99: lg=0.543 succ=0.292 adapt=0.652 entropy=1.228 dom=0.38 (26s)
  B_diversity_bonus seed=314: lg=0.676 succ=0.534 adapt=0.985 entropy=0.694 dom=0.67 (26s)

--- Strong Diversity Bonus +0.05 (C) ---
  C_strong_diversity_bonus seed=42: lg=0.627 succ=0.406 adapt=0.861 entropy=1.146 dom=0.47 (26s)
  C_strong_diversity_bonus seed=7: lg=0.551 succ=0.292 adapt=0.512 entropy=1.472 dom=0.38 (26s)
  C_strong_diversity_bonus seed=13: lg=0.501 succ=0.256 adapt=0.588 entropy=1.414 dom=0.49 (26s)
  C_strong_diversity_bonus seed=21: lg=0.644 succ=0.458 adapt=0.719 entropy=1.227 dom=0.43 (26s)
  C_strong_diversity_bonus seed=99: lg=0.349 succ=0.060 adapt=0.256 entropy=1.535 dom=0.31 (25s)
  C_strong_diversity_bonus seed=314: lg=0.594 succ=0.392 adapt=0.639 entropy=1.286 dom=0.44 (26s)

--- Repetition Penalty -0.02 (D) ---
  D_repetition_penalty seed=42: lg=0.566 succ=0.288 adapt=0.682 entropy=1.422 dom=0.49 (26s)
  D_repetition_penalty seed=7: lg=0.529 succ=0.276 adapt=0.629 entropy=1.441 dom=0.37 (26s)
  D_repetition_penalty seed=13: lg=0.475 succ=0.174 adapt=0.440 entropy=1.485 dom=0.38 (25s)
  D_repetition_penalty seed=21: lg=0.680 succ=0.526 adapt=0.975 entropy=0.813 dom=0.51 (26s)
  D_repetition_penalty seed=99: lg=0.599 succ=0.386 adapt=0.840 entropy=1.055 dom=0.44 (25s)
  D_repetition_penalty seed=314: lg=0.368 succ=0.068 adapt=0.223 entropy=1.342 dom=0.47 (25s)

--- Strong Repetition Penalty -0.05 (E) ---
  E_strong_repetition_penalty seed=42: lg=0.438 succ=0.102 adapt=0.495 entropy=1.319 dom=0.49 (25s)
  E_strong_repetition_penalty seed=7: lg=0.509 succ=0.222 adapt=0.494 entropy=1.538 dom=0.40 (25s)
  E_strong_repetition_penalty seed=13: lg=0.679 succ=0.532 adapt=0.982 entropy=0.749 dom=0.64 (25s)
  E_strong_repetition_penalty seed=21: lg=0.650 succ=0.472 adapt=0.840 entropy=1.131 dom=0.49 (25s)
  E_strong_repetition_penalty seed=99: lg=0.528 succ=0.226 adapt=0.663 entropy=1.179 dom=0.34 (25s)
  E_strong_repetition_penalty seed=314: lg=0.675 succ=0.520 adapt=0.968 entropy=0.732 dom=0.70 (25s)

=== Action Diversity Reward Ablation (analyze) ===

========================================================================
WINNER DIVERSITY CONFIGURATION
========================================================================

Overall rank #1: Baseline Reward (A)
  diversity_mode=None, amount=0.0
  learning_gain_mean=0.5634 (std=0.0929, CV=0.1649)
  success_rate_mean=0.3473
  adaptation_accuracy_mean=0.6786
  reward_mean=3.1265
  action_entropy=1.2782
  dominant_action_pct=0.4249
  top2_actions_pct=0.6983
  actions_above_1%=4.7, actions_above_5%=3.5

--- Research Questions ---

1. Does diversity encouragement reduce action dominance?
   YES (partially). vs baseline dominant_action_pct=0.425:
     - Strong Diversity Bonus +0.05 (C): 0.422

2. Does diversity encouragement improve learning gain?
   YES for: Strong Repetition Penalty -0.05 (E)
   Baseline LG=0.5634; best LG=0.5796 (Strong Repetition Penalty -0.05 (E))
   Configurations with LG penalty vs baseline: Diversity Bonus +0.02 (B), Repetition Penalty -0.02 (D)

3. Does diversity encouragement improve stability?
   YES (lower seed variance). Most stable: Diversity Bonus +0.02 (B) (std=0.0856, CV=0.1594).

4. Best tradeoff between educational performance and policy diversity?
   Baseline Reward (A) - composite rank balances LG, stability, entropy, and reduced dominance.

--- Interpretation ---
Highest Shannon entropy: Strong Diversity Bonus +0.05 (C) (1.3467).
Lowest dominant-action share: Strong Diversity Bonus +0.05 (C) (0.4218).

The baseline action-agnostic reward remains optimal: diversity shaping during training did not improve eval-time learning outcomes enough to justify the added reward complexity. Action dominance is better addressed via simulator or mask design.
Recommendation: diversity shaping does not materially broaden the policy; keep the baseline reward.
========================================================================
